// Jest Snapshot v1, https://goo.gl/fbAQLP

exports[`addTimeline: create a new timeline 1`] = `
"<div id=\\"root\\"><div class=\\"timetable\\"><div class=\\"hours hour-header\\"><div class=\\"hour\\">0</div><div class=\\"hour\\">1</div><div class=\\"hour\\">2</div><div class=\\"hour\\">3</div><div class=\\"hour\\">4</div><div class=\\"hour\\">5</div><div class=\\"hour\\">6</div><div class=\\"hour\\">7</div><div class=\\"hour\\">8</div><div class=\\"hour\\">9</div><div class=\\"hour\\">10</div><div class=\\"hour\\">11</div><div class=\\"hour\\">12</div><div class=\\"hour\\">13</div><div class=\\"hour\\">14</div><div class=\\"hour\\">15</div><div class=\\"hour\\">16</div><div class=\\"hour\\">17</div><div class=\\"hour\\">18</div><div class=\\"hour\\">19</div><div class=\\"hour\\">20</div><div class=\\"hour\\">21</div><div class=\\"hour\\">22</div><div class=\\"hour\\">23</div></div><div class=\\"contents\\">
            <div class=\\"minutes\\">
                <div class=\\"minute minute-0\\">00</div>
                <div class=\\"minute minute-10\\">10</div>
                <div class=\\"minute minute-20\\">20</div>
                <div class=\\"minute minute-30\\">30</div>
                <div class=\\"minute minute-40\\">40</div>
                <div class=\\"minute minute-50\\">50</div>
            </div><div class=\\"hours\\"><div class=\\"hour\\" data-hour=\\"0\\">0</div><div class=\\"hour\\" data-hour=\\"1\\">1</div><div class=\\"hour\\" data-hour=\\"2\\">2</div><div class=\\"hour\\" data-hour=\\"3\\">3</div><div class=\\"hour\\" data-hour=\\"4\\">4</div><div class=\\"hour\\" data-hour=\\"5\\">5</div><div class=\\"hour\\" data-hour=\\"6\\">6</div><div class=\\"hour\\" data-hour=\\"7\\">7</div><div class=\\"hour\\" data-hour=\\"8\\">8</div><div class=\\"hour\\" data-hour=\\"9\\">9</div><div class=\\"hour\\" data-hour=\\"10\\">10<div><div class=\\"timeline\\" style=\\"left: 50%; width: calc(50% - 1px); background-color: blue;\\" data-timeline-id=\\"3\\"></div></div></div><div class=\\"hour\\" data-hour=\\"11\\">11<div><div class=\\"timeline\\" style=\\"left: 0%; width: calc(25% - 1px); background-color: blue;\\" data-timeline-id=\\"3\\"></div></div></div><div class=\\"hour\\" data-hour=\\"12\\">12</div><div class=\\"hour\\" data-hour=\\"13\\">13</div><div class=\\"hour\\" data-hour=\\"14\\">14</div><div class=\\"hour\\" data-hour=\\"15\\">15</div><div class=\\"hour\\" data-hour=\\"16\\">16</div><div class=\\"hour\\" data-hour=\\"17\\">17</div><div class=\\"hour\\" data-hour=\\"18\\">18</div><div class=\\"hour\\" data-hour=\\"19\\">19</div><div class=\\"hour\\" data-hour=\\"20\\">20</div><div class=\\"hour\\" data-hour=\\"21\\">21</div><div class=\\"hour\\" data-hour=\\"22\\">22</div><div class=\\"hour\\" data-hour=\\"23\\">23</div></div></div></div></div>"
`;

exports[`addTimeline: modify a existing timeline 1`] = `
"<div id=\\"root\\"><div class=\\"timetable\\"><div class=\\"hours hour-header\\"><div class=\\"hour\\">0</div><div class=\\"hour\\">1</div><div class=\\"hour\\">2</div><div class=\\"hour\\">3</div><div class=\\"hour\\">4</div><div class=\\"hour\\">5</div><div class=\\"hour\\">6</div><div class=\\"hour\\">7</div><div class=\\"hour\\">8</div><div class=\\"hour\\">9</div><div class=\\"hour\\">10</div><div class=\\"hour\\">11</div><div class=\\"hour\\">12</div><div class=\\"hour\\">13</div><div class=\\"hour\\">14</div><div class=\\"hour\\">15</div><div class=\\"hour\\">16</div><div class=\\"hour\\">17</div><div class=\\"hour\\">18</div><div class=\\"hour\\">19</div><div class=\\"hour\\">20</div><div class=\\"hour\\">21</div><div class=\\"hour\\">22</div><div class=\\"hour\\">23</div></div><div class=\\"contents\\">
            <div class=\\"minutes\\">
                <div class=\\"minute minute-0\\">00</div>
                <div class=\\"minute minute-10\\">10</div>
                <div class=\\"minute minute-20\\">20</div>
                <div class=\\"minute minute-30\\">30</div>
                <div class=\\"minute minute-40\\">40</div>
                <div class=\\"minute minute-50\\">50</div>
            </div><div class=\\"hours\\"><div class=\\"hour\\" data-hour=\\"0\\">0</div><div class=\\"hour\\" data-hour=\\"1\\">1</div><div class=\\"hour\\" data-hour=\\"2\\">2</div><div class=\\"hour\\" data-hour=\\"3\\">3</div><div class=\\"hour\\" data-hour=\\"4\\">4</div><div class=\\"hour\\" data-hour=\\"5\\">5</div><div class=\\"hour\\" data-hour=\\"6\\">6</div><div class=\\"hour\\" data-hour=\\"7\\">7</div><div class=\\"hour\\" data-hour=\\"8\\">8</div><div class=\\"hour\\" data-hour=\\"9\\">9</div><div class=\\"hour\\" data-hour=\\"10\\">10</div><div class=\\"hour\\" data-hour=\\"11\\">11<div><div class=\\"timeline\\" style=\\"left: 0%; width: calc(100% - 1px); background-color: blue;\\" data-timeline-id=\\"1\\"></div></div></div><div class=\\"hour\\" data-hour=\\"12\\">12<div><div class=\\"timeline\\" style=\\"left: 0%; width: calc(25% - 1px); background-color: blue;\\" data-timeline-id=\\"1\\"></div></div></div><div class=\\"hour\\" data-hour=\\"13\\">13</div><div class=\\"hour\\" data-hour=\\"14\\">14</div><div class=\\"hour\\" data-hour=\\"15\\">15</div><div class=\\"hour\\" data-hour=\\"16\\">16</div><div class=\\"hour\\" data-hour=\\"17\\">17</div><div class=\\"hour\\" data-hour=\\"18\\">18</div><div class=\\"hour\\" data-hour=\\"19\\">19</div><div class=\\"hour\\" data-hour=\\"20\\">20</div><div class=\\"hour\\" data-hour=\\"21\\">21</div><div class=\\"hour\\" data-hour=\\"22\\">22</div><div class=\\"hour\\" data-hour=\\"23\\">23</div></div></div></div></div>"
`;

exports[`initialization OK: new Timetable(rootElement) 1`] = `
"<div id=\\"root\\"><div class=\\"timetable\\"><div class=\\"hours hour-header\\"><div class=\\"hour\\">0</div><div class=\\"hour\\">1</div><div class=\\"hour\\">2</div><div class=\\"hour\\">3</div><div class=\\"hour\\">4</div><div class=\\"hour\\">5</div><div class=\\"hour\\">6</div><div class=\\"hour\\">7</div><div class=\\"hour\\">8</div><div class=\\"hour\\">9</div><div class=\\"hour\\">10</div><div class=\\"hour\\">11</div><div class=\\"hour\\">12</div><div class=\\"hour\\">13</div><div class=\\"hour\\">14</div><div class=\\"hour\\">15</div><div class=\\"hour\\">16</div><div class=\\"hour\\">17</div><div class=\\"hour\\">18</div><div class=\\"hour\\">19</div><div class=\\"hour\\">20</div><div class=\\"hour\\">21</div><div class=\\"hour\\">22</div><div class=\\"hour\\">23</div></div><div class=\\"contents\\">
            <div class=\\"minutes\\">
                <div class=\\"minute minute-0\\">00</div>
                <div class=\\"minute minute-10\\">10</div>
                <div class=\\"minute minute-20\\">20</div>
                <div class=\\"minute minute-30\\">30</div>
                <div class=\\"minute minute-40\\">40</div>
                <div class=\\"minute minute-50\\">50</div>
            </div><div class=\\"hours\\"><div class=\\"hour\\" data-hour=\\"0\\">0</div><div class=\\"hour\\" data-hour=\\"1\\">1</div><div class=\\"hour\\" data-hour=\\"2\\">2</div><div class=\\"hour\\" data-hour=\\"3\\">3</div><div class=\\"hour\\" data-hour=\\"4\\">4</div><div class=\\"hour\\" data-hour=\\"5\\">5</div><div class=\\"hour\\" data-hour=\\"6\\">6</div><div class=\\"hour\\" data-hour=\\"7\\">7</div><div class=\\"hour\\" data-hour=\\"8\\">8</div><div class=\\"hour\\" data-hour=\\"9\\">9</div><div class=\\"hour\\" data-hour=\\"10\\">10</div><div class=\\"hour\\" data-hour=\\"11\\">11</div><div class=\\"hour\\" data-hour=\\"12\\">12</div><div class=\\"hour\\" data-hour=\\"13\\">13</div><div class=\\"hour\\" data-hour=\\"14\\">14</div><div class=\\"hour\\" data-hour=\\"15\\">15</div><div class=\\"hour\\" data-hour=\\"16\\">16</div><div class=\\"hour\\" data-hour=\\"17\\">17</div><div class=\\"hour\\" data-hour=\\"18\\">18</div><div class=\\"hour\\" data-hour=\\"19\\">19</div><div class=\\"hour\\" data-hour=\\"20\\">20</div><div class=\\"hour\\" data-hour=\\"21\\">21</div><div class=\\"hour\\" data-hour=\\"22\\">22</div><div class=\\"hour\\" data-hour=\\"23\\">23</div></div></div></div></div>"
`;

exports[`initialization OK: new Timetable(rootElement, timelines) 1`] = `
"<div id=\\"root\\"><div class=\\"timetable\\"><div class=\\"hours hour-header\\"><div class=\\"hour\\">0</div><div class=\\"hour\\">1</div><div class=\\"hour\\">2</div><div class=\\"hour\\">3</div><div class=\\"hour\\">4</div><div class=\\"hour\\">5</div><div class=\\"hour\\">6</div><div class=\\"hour\\">7</div><div class=\\"hour\\">8</div><div class=\\"hour\\">9</div><div class=\\"hour\\">10</div><div class=\\"hour\\">11</div><div class=\\"hour\\">12</div><div class=\\"hour\\">13</div><div class=\\"hour\\">14</div><div class=\\"hour\\">15</div><div class=\\"hour\\">16</div><div class=\\"hour\\">17</div><div class=\\"hour\\">18</div><div class=\\"hour\\">19</div><div class=\\"hour\\">20</div><div class=\\"hour\\">21</div><div class=\\"hour\\">22</div><div class=\\"hour\\">23</div></div><div class=\\"contents\\">
            <div class=\\"minutes\\">
                <div class=\\"minute minute-0\\">00</div>
                <div class=\\"minute minute-10\\">10</div>
                <div class=\\"minute minute-20\\">20</div>
                <div class=\\"minute minute-30\\">30</div>
                <div class=\\"minute minute-40\\">40</div>
                <div class=\\"minute minute-50\\">50</div>
            </div><div class=\\"hours\\"><div class=\\"hour\\" data-hour=\\"0\\">0</div><div class=\\"hour\\" data-hour=\\"1\\">1</div><div class=\\"hour\\" data-hour=\\"2\\">2</div><div class=\\"hour\\" data-hour=\\"3\\">3</div><div class=\\"hour\\" data-hour=\\"4\\">4</div><div class=\\"hour\\" data-hour=\\"5\\">5</div><div class=\\"hour\\" data-hour=\\"6\\">6</div><div class=\\"hour\\" data-hour=\\"7\\">7</div><div class=\\"hour\\" data-hour=\\"8\\">8</div><div class=\\"hour\\" data-hour=\\"9\\">9</div><div class=\\"hour\\" data-hour=\\"10\\">10</div><div class=\\"hour\\" data-hour=\\"11\\">11</div><div class=\\"hour\\" data-hour=\\"12\\">12</div><div class=\\"hour\\" data-hour=\\"13\\">13</div><div class=\\"hour\\" data-hour=\\"14\\">14</div><div class=\\"hour\\" data-hour=\\"15\\">15</div><div class=\\"hour\\" data-hour=\\"16\\">16</div><div class=\\"hour\\" data-hour=\\"17\\">17</div><div class=\\"hour\\" data-hour=\\"18\\">18</div><div class=\\"hour\\" data-hour=\\"19\\">19</div><div class=\\"hour\\" data-hour=\\"20\\">20</div><div class=\\"hour\\" data-hour=\\"21\\">21</div><div class=\\"hour\\" data-hour=\\"22\\">22</div><div class=\\"hour\\" data-hour=\\"23\\">23</div></div></div></div></div>"
`;

exports[`initialization OK: new Timetable(rootElement, timelines) 2`] = `
"<div id=\\"root\\"><div class=\\"timetable\\"><div class=\\"hours hour-header\\"><div class=\\"hour\\">0</div><div class=\\"hour\\">1</div><div class=\\"hour\\">2</div><div class=\\"hour\\">3</div><div class=\\"hour\\">4</div><div class=\\"hour\\">5</div><div class=\\"hour\\">6</div><div class=\\"hour\\">7</div><div class=\\"hour\\">8</div><div class=\\"hour\\">9</div><div class=\\"hour\\">10</div><div class=\\"hour\\">11</div><div class=\\"hour\\">12</div><div class=\\"hour\\">13</div><div class=\\"hour\\">14</div><div class=\\"hour\\">15</div><div class=\\"hour\\">16</div><div class=\\"hour\\">17</div><div class=\\"hour\\">18</div><div class=\\"hour\\">19</div><div class=\\"hour\\">20</div><div class=\\"hour\\">21</div><div class=\\"hour\\">22</div><div class=\\"hour\\">23</div></div><div class=\\"contents\\">
            <div class=\\"minutes\\">
                <div class=\\"minute minute-0\\">00</div>
                <div class=\\"minute minute-10\\">10</div>
                <div class=\\"minute minute-20\\">20</div>
                <div class=\\"minute minute-30\\">30</div>
                <div class=\\"minute minute-40\\">40</div>
                <div class=\\"minute minute-50\\">50</div>
            </div><div class=\\"hours\\"><div class=\\"hour\\" data-hour=\\"0\\">0</div><div class=\\"hour\\" data-hour=\\"1\\">1</div><div class=\\"hour\\" data-hour=\\"2\\">2</div><div class=\\"hour\\" data-hour=\\"3\\">3</div><div class=\\"hour\\" data-hour=\\"4\\">4</div><div class=\\"hour\\" data-hour=\\"5\\">5</div><div class=\\"hour\\" data-hour=\\"6\\">6</div><div class=\\"hour\\" data-hour=\\"7\\">7<div><div class=\\"timeline\\" style=\\"left: 50%; width: calc(50% - 1px); background-color: yellow;\\" data-timeline-id=\\"1\\"></div></div></div><div class=\\"hour\\" data-hour=\\"8\\">8<div><div class=\\"timeline\\" style=\\"left: 0%; width: calc(100% - 1px); background-color: yellow;\\" data-timeline-id=\\"1\\"></div></div></div><div class=\\"hour\\" data-hour=\\"9\\">9</div><div class=\\"hour\\" data-hour=\\"10\\">10</div><div class=\\"hour\\" data-hour=\\"11\\">11</div><div class=\\"hour\\" data-hour=\\"12\\">12</div><div class=\\"hour\\" data-hour=\\"13\\">13</div><div class=\\"hour\\" data-hour=\\"14\\">14</div><div class=\\"hour\\" data-hour=\\"15\\">15</div><div class=\\"hour\\" data-hour=\\"16\\">16</div><div class=\\"hour\\" data-hour=\\"17\\">17</div><div class=\\"hour\\" data-hour=\\"18\\">18</div><div class=\\"hour\\" data-hour=\\"19\\">19</div><div class=\\"hour\\" data-hour=\\"20\\">20</div><div class=\\"hour\\" data-hour=\\"21\\">21</div><div class=\\"hour\\" data-hour=\\"22\\">22</div><div class=\\"hour\\" data-hour=\\"23\\">23</div></div></div></div></div>"
`;

exports[`initialization OK: new Timetable(rootElement, timelines, options) 1`] = `
"<div id=\\"root\\"><div class=\\"timetable\\"><div class=\\"hours hour-header\\"><div class=\\"hour\\">5</div><div class=\\"hour\\">6</div><div class=\\"hour\\">7</div><div class=\\"hour\\">8</div><div class=\\"hour\\">9</div><div class=\\"hour\\">10</div><div class=\\"hour\\">11</div><div class=\\"hour\\">12</div><div class=\\"hour\\">13</div><div class=\\"hour\\">14</div><div class=\\"hour\\">15</div><div class=\\"hour\\">16</div><div class=\\"hour\\">17</div><div class=\\"hour\\">18</div><div class=\\"hour\\">19</div><div class=\\"hour\\">20</div><div class=\\"hour\\">21</div><div class=\\"hour\\">22</div><div class=\\"hour\\">23</div><div class=\\"hour\\">0</div><div class=\\"hour\\">1</div><div class=\\"hour\\">2</div><div class=\\"hour\\">3</div><div class=\\"hour\\">4</div></div><div class=\\"contents\\">
            <div class=\\"minutes\\">
                <div class=\\"minute minute-0\\">00</div>
                <div class=\\"minute minute-10\\">10</div>
                <div class=\\"minute minute-20\\">20</div>
                <div class=\\"minute minute-30\\">30</div>
                <div class=\\"minute minute-40\\">40</div>
                <div class=\\"minute minute-50\\">50</div>
            </div><div class=\\"hours\\"><div class=\\"hour\\" data-hour=\\"5\\">5</div><div class=\\"hour\\" data-hour=\\"6\\">6</div><div class=\\"hour\\" data-hour=\\"7\\">7</div><div class=\\"hour\\" data-hour=\\"8\\">8</div><div class=\\"hour\\" data-hour=\\"9\\">9</div><div class=\\"hour\\" data-hour=\\"10\\">10</div><div class=\\"hour\\" data-hour=\\"11\\">11</div><div class=\\"hour\\" data-hour=\\"12\\">12</div><div class=\\"hour\\" data-hour=\\"13\\">13</div><div class=\\"hour\\" data-hour=\\"14\\">14</div><div class=\\"hour\\" data-hour=\\"15\\">15</div><div class=\\"hour\\" data-hour=\\"16\\">16</div><div class=\\"hour\\" data-hour=\\"17\\">17</div><div class=\\"hour\\" data-hour=\\"18\\">18</div><div class=\\"hour\\" data-hour=\\"19\\">19</div><div class=\\"hour\\" data-hour=\\"20\\">20</div><div class=\\"hour\\" data-hour=\\"21\\">21</div><div class=\\"hour\\" data-hour=\\"22\\">22</div><div class=\\"hour\\" data-hour=\\"23\\">23</div><div class=\\"hour\\" data-hour=\\"0\\">0</div><div class=\\"hour\\" data-hour=\\"1\\">1</div><div class=\\"hour\\" data-hour=\\"2\\">2</div><div class=\\"hour\\" data-hour=\\"3\\">3</div><div class=\\"hour\\" data-hour=\\"4\\">4</div></div></div></div></div>"
`;

exports[`removeTimeline: cannot remove a existing timeline 1`] = `
"<div id=\\"root\\"><div class=\\"timetable\\"><div class=\\"hours hour-header\\"><div class=\\"hour\\">0</div><div class=\\"hour\\">1</div><div class=\\"hour\\">2</div><div class=\\"hour\\">3</div><div class=\\"hour\\">4</div><div class=\\"hour\\">5</div><div class=\\"hour\\">6</div><div class=\\"hour\\">7</div><div class=\\"hour\\">8</div><div class=\\"hour\\">9</div><div class=\\"hour\\">10</div><div class=\\"hour\\">11</div><div class=\\"hour\\">12</div><div class=\\"hour\\">13</div><div class=\\"hour\\">14</div><div class=\\"hour\\">15</div><div class=\\"hour\\">16</div><div class=\\"hour\\">17</div><div class=\\"hour\\">18</div><div class=\\"hour\\">19</div><div class=\\"hour\\">20</div><div class=\\"hour\\">21</div><div class=\\"hour\\">22</div><div class=\\"hour\\">23</div></div><div class=\\"contents\\">
            <div class=\\"minutes\\">
                <div class=\\"minute minute-0\\">00</div>
                <div class=\\"minute minute-10\\">10</div>
                <div class=\\"minute minute-20\\">20</div>
                <div class=\\"minute minute-30\\">30</div>
                <div class=\\"minute minute-40\\">40</div>
                <div class=\\"minute minute-50\\">50</div>
            </div><div class=\\"hours\\"><div class=\\"hour\\" data-hour=\\"0\\">0</div><div class=\\"hour\\" data-hour=\\"1\\">1</div><div class=\\"hour\\" data-hour=\\"2\\">2</div><div class=\\"hour\\" data-hour=\\"3\\">3</div><div class=\\"hour\\" data-hour=\\"4\\">4</div><div class=\\"hour\\" data-hour=\\"5\\">5</div><div class=\\"hour\\" data-hour=\\"6\\">6</div><div class=\\"hour\\" data-hour=\\"7\\">7<div><div class=\\"timeline\\" style=\\"left: 50%; width: calc(50% - 1px); background-color: yellow;\\" data-timeline-id=\\"1\\"></div></div></div><div class=\\"hour\\" data-hour=\\"8\\">8<div><div class=\\"timeline\\" style=\\"left: 0%; width: calc(100% - 1px); background-color: yellow;\\" data-timeline-id=\\"1\\"></div></div></div><div class=\\"hour\\" data-hour=\\"9\\">9</div><div class=\\"hour\\" data-hour=\\"10\\">10</div><div class=\\"hour\\" data-hour=\\"11\\">11</div><div class=\\"hour\\" data-hour=\\"12\\">12</div><div class=\\"hour\\" data-hour=\\"13\\">13</div><div class=\\"hour\\" data-hour=\\"14\\">14</div><div class=\\"hour\\" data-hour=\\"15\\">15</div><div class=\\"hour\\" data-hour=\\"16\\">16</div><div class=\\"hour\\" data-hour=\\"17\\">17</div><div class=\\"hour\\" data-hour=\\"18\\">18</div><div class=\\"hour\\" data-hour=\\"19\\">19</div><div class=\\"hour\\" data-hour=\\"20\\">20</div><div class=\\"hour\\" data-hour=\\"21\\">21</div><div class=\\"hour\\" data-hour=\\"22\\">22</div><div class=\\"hour\\" data-hour=\\"23\\">23</div></div></div></div></div>"
`;

exports[`removeTimeline: remove a existing timeline 1`] = `
"<div id=\\"root\\"><div class=\\"timetable\\"><div class=\\"hours hour-header\\"><div class=\\"hour\\">0</div><div class=\\"hour\\">1</div><div class=\\"hour\\">2</div><div class=\\"hour\\">3</div><div class=\\"hour\\">4</div><div class=\\"hour\\">5</div><div class=\\"hour\\">6</div><div class=\\"hour\\">7</div><div class=\\"hour\\">8</div><div class=\\"hour\\">9</div><div class=\\"hour\\">10</div><div class=\\"hour\\">11</div><div class=\\"hour\\">12</div><div class=\\"hour\\">13</div><div class=\\"hour\\">14</div><div class=\\"hour\\">15</div><div class=\\"hour\\">16</div><div class=\\"hour\\">17</div><div class=\\"hour\\">18</div><div class=\\"hour\\">19</div><div class=\\"hour\\">20</div><div class=\\"hour\\">21</div><div class=\\"hour\\">22</div><div class=\\"hour\\">23</div></div><div class=\\"contents\\">
            <div class=\\"minutes\\">
                <div class=\\"minute minute-0\\">00</div>
                <div class=\\"minute minute-10\\">10</div>
                <div class=\\"minute minute-20\\">20</div>
                <div class=\\"minute minute-30\\">30</div>
                <div class=\\"minute minute-40\\">40</div>
                <div class=\\"minute minute-50\\">50</div>
            </div><div class=\\"hours\\"><div class=\\"hour\\" data-hour=\\"0\\">0</div><div class=\\"hour\\" data-hour=\\"1\\">1</div><div class=\\"hour\\" data-hour=\\"2\\">2</div><div class=\\"hour\\" data-hour=\\"3\\">3</div><div class=\\"hour\\" data-hour=\\"4\\">4</div><div class=\\"hour\\" data-hour=\\"5\\">5</div><div class=\\"hour\\" data-hour=\\"6\\">6</div><div class=\\"hour\\" data-hour=\\"7\\">7</div><div class=\\"hour\\" data-hour=\\"8\\">8</div><div class=\\"hour\\" data-hour=\\"9\\">9</div><div class=\\"hour\\" data-hour=\\"10\\">10</div><div class=\\"hour\\" data-hour=\\"11\\">11</div><div class=\\"hour\\" data-hour=\\"12\\">12</div><div class=\\"hour\\" data-hour=\\"13\\">13</div><div class=\\"hour\\" data-hour=\\"14\\">14</div><div class=\\"hour\\" data-hour=\\"15\\">15</div><div class=\\"hour\\" data-hour=\\"16\\">16</div><div class=\\"hour\\" data-hour=\\"17\\">17</div><div class=\\"hour\\" data-hour=\\"18\\">18</div><div class=\\"hour\\" data-hour=\\"19\\">19</div><div class=\\"hour\\" data-hour=\\"20\\">20</div><div class=\\"hour\\" data-hour=\\"21\\">21</div><div class=\\"hour\\" data-hour=\\"22\\">22</div><div class=\\"hour\\" data-hour=\\"23\\">23</div></div></div></div></div>"
`;
